[0.014s] Invoking command in '/home/andrewsnowdy/uav-offboard-control/build/px4_ros_com': AMENT_PREFIX_PATH=/home/andrewsnowdy/uav-offboard-control/install/px4_msgs:${AMENT_PREFIX_PATH} CMAKE_PREFIX_PATH=/home/andrewsnowdy/uav-offboard-control/install/px4_msgs:/opt/ros/jazzy/opt/gz_sim_vendor:/opt/ros/jazzy/opt/gz_sensors_vendor:/opt/ros/jazzy/opt/gz_physics_vendor:/opt/ros/jazzy/opt/sdformat_vendor:/opt/ros/jazzy/opt/gz_gui_vendor:/opt/ros/jazzy/opt/gz_transport_vendor:/opt/ros/jazzy/opt/gz_rendering_vendor:/opt/ros/jazzy/opt/gz_plugin_vendor:/opt/ros/jazzy/opt/gz_fuel_tools_vendor:/opt/ros/jazzy/opt/gz_msgs_vendor:/opt/ros/jazzy/opt/gz_common_vendor:/opt/ros/jazzy/opt/gz_math_vendor:/opt/ros/jazzy/opt/gz_utils_vendor:/opt/ros/jazzy/opt/gz_tools_vendor:/opt/ros/jazzy/opt/gz_ogre_next_vendor:/opt/ros/jazzy/opt/gz_dartsim_vendor:/opt/ros/jazzy/opt/gz_cmake_vendor:/opt/cyclonedds/install:/opt/ros/jazzy DEBUGINFOD_URLS=https://debuginfod.ubuntu.com LD_LIBRARY_PATH=/home/andrewsnowdy/uav-offboard-control/install/px4_msgs/lib:/opt/ros/jazzy/opt/gz_sim_vendor/lib:/opt/ros/jazzy/opt/gz_sensors_vendor/lib:/opt/ros/jazzy/opt/gz_physics_vendor/lib:/opt/ros/jazzy/opt/sdformat_vendor/lib:/opt/ros/jazzy/opt/rviz_ogre_vendor/lib:/opt/ros/jazzy/lib/x86_64-linux-gnu:/opt/ros/jazzy/opt/gz_gui_vendor/lib:/opt/ros/jazzy/opt/gz_transport_vendor/lib:/opt/ros/jazzy/opt/gz_rendering_vendor/lib:/opt/ros/jazzy/opt/gz_plugin_vendor/lib:/opt/ros/jazzy/opt/gz_fuel_tools_vendor/lib:/opt/ros/jazzy/opt/gz_msgs_vendor/lib:/opt/ros/jazzy/opt/gz_common_vendor/lib:/opt/ros/jazzy/opt/gz_math_vendor/lib:/opt/ros/jazzy/opt/gz_utils_vendor/lib:/opt/ros/jazzy/opt/gz_tools_vendor/lib:/opt/ros/jazzy/opt/gz_ogre_next_vendor/lib:/opt/ros/jazzy/opt/gz_dartsim_vendor/lib:/opt/ros/jazzy/opt/gz_cmake_vendor/lib:/opt/ros/jazzy/lib:/opt/cyclonedds/install/lib PYTHONPATH=/home/andrewsnowdy/uav-offboard-control/install/px4_msgs/lib/python3.12/site-packages:${PYTHONPATH} /usr/bin/cmake /home/andrewsnowdy/uav-offboard-control/src/src/external/px4_ros_com -DAMENT_CMAKE_SYMLINK_INSTALL=1 -DCMAKE_INSTALL_PREFIX=/home/andrewsnowdy/uav-offboard-control/install/px4_ros_com
[0.066s] -- The C compiler identification is GNU 13.3.0
[0.116s] -- The CXX compiler identification is GNU 13.3.0
[0.131s] -- Detecting C compiler ABI info
[0.213s] -- Detecting C compiler ABI info - done
[0.222s] -- Check for working C compiler: /usr/bin/cc - skipped
[0.222s] -- Detecting C compile features
[0.223s] -- Detecting C compile features - done
[0.232s] -- Detecting CXX compiler ABI info
[0.310s] -- Detecting CXX compiler ABI info - done
[0.319s] -- Check for working CXX compiler: /usr/bin/c++ - skipped
[0.319s] -- Detecting CXX compile features
[0.319s] -- Detecting CXX compile features - done
[0.322s] -- Found ament_cmake: 2.5.4 (/opt/ros/jazzy/share/ament_cmake/cmake)
[0.427s] -- Found Python3: /usr/bin/python3 (found version "3.12.3") found components: Interpreter 
[0.470s] -- Override CMake install command with custom implementation using symlinks instead of copying resources
[0.502s] -- Found builtin_interfaces: 2.0.3 (/opt/ros/jazzy/share/builtin_interfaces/cmake)
[0.530s] -- Found rosidl_generator_c: 4.6.6 (/opt/ros/jazzy/share/rosidl_generator_c/cmake)
[0.539s] -- Found rosidl_generator_cpp: 4.6.6 (/opt/ros/jazzy/share/rosidl_generator_cpp/cmake)
[0.549s] -- Using all available rosidl_typesupport_c: rosidl_typesupport_fastrtps_c;rosidl_typesupport_introspection_c
[0.561s] -- Using all available rosidl_typesupport_cpp: rosidl_typesupport_fastrtps_cpp;rosidl_typesupport_introspection_cpp
[0.579s] -- Found eigen3_cmake_module: 0.3.0 (/opt/ros/jazzy/share/eigen3_cmake_module/cmake)
[0.586s] -- Found Eigen3: TRUE (found version "3.4.0") 
[0.589s] -- Found geometry_msgs: 5.3.6 (/opt/ros/jazzy/share/geometry_msgs/cmake)
[0.614s] -- Found px4_msgs: 2.0.1 (/home/andrewsnowdy/uav-offboard-control/install/px4_msgs/share/px4_msgs/cmake)
[0.642s] -- Found rclcpp: 28.1.13 (/opt/ros/jazzy/share/rclcpp/cmake)
[0.682s] -- Found rmw_implementation_cmake: 7.3.2 (/opt/ros/jazzy/share/rmw_implementation_cmake/cmake)
[0.684s] -- Found rmw_fastrtps_cpp: 8.4.3 (/opt/ros/jazzy/share/rmw_fastrtps_cpp/cmake)
[0.771s] -- Found OpenSSL: /usr/lib/x86_64-linux-gnu/libcrypto.so (found version "3.0.13")  
[0.792s] -- Found FastRTPS: /opt/ros/jazzy/include (Required is at least version "2.13") 
[0.814s] -- Using RMW implementation 'rmw_fastrtps_cpp' as default
[0.877s] -- Found sensor_msgs: 5.3.6 (/opt/ros/jazzy/share/sensor_msgs/cmake)
[0.895s] -- Found rclpy: 7.1.6 (/opt/ros/jazzy/share/rclpy/cmake)
[0.901s] -- Found ament_lint_auto: 0.17.3 (/opt/ros/jazzy/share/ament_lint_auto/cmake)
[1.010s] -- Added test 'copyright' to check source files copyright and LICENSE
[1.012s] -- Added test 'cppcheck' to perform static code analysis on C / C++ code
[1.012s] -- Configured cppcheck include dirs: /home/andrewsnowdy/uav-offboard-control/src/src/external/px4_ros_com/include;$<BUILD_INTERFACE:/home/andrewsnowdy/uav-offboard-control/src/src/external/px4_ros_com/include/px4_ros_com>
[1.012s] -- Configured cppcheck exclude dirs and/or files: 
[1.014s] -- Added test 'cpplint' to check C / C++ code against the Google style
[1.014s] -- Configured cpplint exclude dirs and/or files: 
[1.015s] -- Added test 'flake8' to check Python code syntax and style conventions
[1.015s] -- Configured 'flake8' exclude dirs and/or files: 
[1.016s] -- Added test 'lint_cmake' to check CMake code style
[1.017s] -- Added test 'pep257' to check Python code against some of the docstring style conventions in PEP 257
[1.018s] -- Added test 'uncrustify' to check C / C++ code style
[1.018s] -- Configured uncrustify additional arguments: 
[1.020s] -- Added test 'xmllint' to check XML markup files
[1.021s] -- Configuring done (1.0s)
[1.036s] -- Generating done (0.0s)
[1.041s] -- Build files have been written to: /home/andrewsnowdy/uav-offboard-control/build/px4_ros_com
[1.050s] Invoked command in '/home/andrewsnowdy/uav-offboard-control/build/px4_ros_com' returned '0': AMENT_PREFIX_PATH=/home/andrewsnowdy/uav-offboard-control/install/px4_msgs:${AMENT_PREFIX_PATH} CMAKE_PREFIX_PATH=/home/andrewsnowdy/uav-offboard-control/install/px4_msgs:/opt/ros/jazzy/opt/gz_sim_vendor:/opt/ros/jazzy/opt/gz_sensors_vendor:/opt/ros/jazzy/opt/gz_physics_vendor:/opt/ros/jazzy/opt/sdformat_vendor:/opt/ros/jazzy/opt/gz_gui_vendor:/opt/ros/jazzy/opt/gz_transport_vendor:/opt/ros/jazzy/opt/gz_rendering_vendor:/opt/ros/jazzy/opt/gz_plugin_vendor:/opt/ros/jazzy/opt/gz_fuel_tools_vendor:/opt/ros/jazzy/opt/gz_msgs_vendor:/opt/ros/jazzy/opt/gz_common_vendor:/opt/ros/jazzy/opt/gz_math_vendor:/opt/ros/jazzy/opt/gz_utils_vendor:/opt/ros/jazzy/opt/gz_tools_vendor:/opt/ros/jazzy/opt/gz_ogre_next_vendor:/opt/ros/jazzy/opt/gz_dartsim_vendor:/opt/ros/jazzy/opt/gz_cmake_vendor:/opt/cyclonedds/install:/opt/ros/jazzy DEBUGINFOD_URLS=https://debuginfod.ubuntu.com LD_LIBRARY_PATH=/home/andrewsnowdy/uav-offboard-control/install/px4_msgs/lib:/opt/ros/jazzy/opt/gz_sim_vendor/lib:/opt/ros/jazzy/opt/gz_sensors_vendor/lib:/opt/ros/jazzy/opt/gz_physics_vendor/lib:/opt/ros/jazzy/opt/sdformat_vendor/lib:/opt/ros/jazzy/opt/rviz_ogre_vendor/lib:/opt/ros/jazzy/lib/x86_64-linux-gnu:/opt/ros/jazzy/opt/gz_gui_vendor/lib:/opt/ros/jazzy/opt/gz_transport_vendor/lib:/opt/ros/jazzy/opt/gz_rendering_vendor/lib:/opt/ros/jazzy/opt/gz_plugin_vendor/lib:/opt/ros/jazzy/opt/gz_fuel_tools_vendor/lib:/opt/ros/jazzy/opt/gz_msgs_vendor/lib:/opt/ros/jazzy/opt/gz_common_vendor/lib:/opt/ros/jazzy/opt/gz_math_vendor/lib:/opt/ros/jazzy/opt/gz_utils_vendor/lib:/opt/ros/jazzy/opt/gz_tools_vendor/lib:/opt/ros/jazzy/opt/gz_ogre_next_vendor/lib:/opt/ros/jazzy/opt/gz_dartsim_vendor/lib:/opt/ros/jazzy/opt/gz_cmake_vendor/lib:/opt/ros/jazzy/lib:/opt/cyclonedds/install/lib PYTHONPATH=/home/andrewsnowdy/uav-offboard-control/install/px4_msgs/lib/python3.12/site-packages:${PYTHONPATH} /usr/bin/cmake /home/andrewsnowdy/uav-offboard-control/src/src/external/px4_ros_com -DAMENT_CMAKE_SYMLINK_INSTALL=1 -DCMAKE_INSTALL_PREFIX=/home/andrewsnowdy/uav-offboard-control/install/px4_ros_com
[1.051s] Invoking command in '/home/andrewsnowdy/uav-offboard-control/build/px4_ros_com': AMENT_PREFIX_PATH=/home/andrewsnowdy/uav-offboard-control/install/px4_msgs:${AMENT_PREFIX_PATH} CMAKE_PREFIX_PATH=/home/andrewsnowdy/uav-offboard-control/install/px4_msgs:/opt/ros/jazzy/opt/gz_sim_vendor:/opt/ros/jazzy/opt/gz_sensors_vendor:/opt/ros/jazzy/opt/gz_physics_vendor:/opt/ros/jazzy/opt/sdformat_vendor:/opt/ros/jazzy/opt/gz_gui_vendor:/opt/ros/jazzy/opt/gz_transport_vendor:/opt/ros/jazzy/opt/gz_rendering_vendor:/opt/ros/jazzy/opt/gz_plugin_vendor:/opt/ros/jazzy/opt/gz_fuel_tools_vendor:/opt/ros/jazzy/opt/gz_msgs_vendor:/opt/ros/jazzy/opt/gz_common_vendor:/opt/ros/jazzy/opt/gz_math_vendor:/opt/ros/jazzy/opt/gz_utils_vendor:/opt/ros/jazzy/opt/gz_tools_vendor:/opt/ros/jazzy/opt/gz_ogre_next_vendor:/opt/ros/jazzy/opt/gz_dartsim_vendor:/opt/ros/jazzy/opt/gz_cmake_vendor:/opt/cyclonedds/install:/opt/ros/jazzy DEBUGINFOD_URLS=https://debuginfod.ubuntu.com LD_LIBRARY_PATH=/home/andrewsnowdy/uav-offboard-control/install/px4_msgs/lib:/opt/ros/jazzy/opt/gz_sim_vendor/lib:/opt/ros/jazzy/opt/gz_sensors_vendor/lib:/opt/ros/jazzy/opt/gz_physics_vendor/lib:/opt/ros/jazzy/opt/sdformat_vendor/lib:/opt/ros/jazzy/opt/rviz_ogre_vendor/lib:/opt/ros/jazzy/lib/x86_64-linux-gnu:/opt/ros/jazzy/opt/gz_gui_vendor/lib:/opt/ros/jazzy/opt/gz_transport_vendor/lib:/opt/ros/jazzy/opt/gz_rendering_vendor/lib:/opt/ros/jazzy/opt/gz_plugin_vendor/lib:/opt/ros/jazzy/opt/gz_fuel_tools_vendor/lib:/opt/ros/jazzy/opt/gz_msgs_vendor/lib:/opt/ros/jazzy/opt/gz_common_vendor/lib:/opt/ros/jazzy/opt/gz_math_vendor/lib:/opt/ros/jazzy/opt/gz_utils_vendor/lib:/opt/ros/jazzy/opt/gz_tools_vendor/lib:/opt/ros/jazzy/opt/gz_ogre_next_vendor/lib:/opt/ros/jazzy/opt/gz_dartsim_vendor/lib:/opt/ros/jazzy/opt/gz_cmake_vendor/lib:/opt/ros/jazzy/lib:/opt/cyclonedds/install/lib PYTHONPATH=/home/andrewsnowdy/uav-offboard-control/install/px4_msgs/lib/python3.12/site-packages:${PYTHONPATH} /usr/bin/cmake --build /home/andrewsnowdy/uav-offboard-control/build/px4_ros_com -- -j22 -l22
[1.097s] [  8%] [32mBuilding CXX object CMakeFiles/offboard_control.dir/src/examples/offboard/offboard_control.cpp.o[0m
[1.103s] [ 16%] [32mBuilding CXX object CMakeFiles/vehicle_gps_position_listener.dir/src/examples/listeners/vehicle_gps_position_listener.cpp.o[0m
[1.103s] [ 25%] [32mBuilding CXX object CMakeFiles/debug_vect_advertiser.dir/src/examples/advertisers/debug_vect_advertiser.cpp.o[0m
[1.104s] [ 33%] [32mBuilding CXX object CMakeFiles/frame_transforms.dir/src/lib/frame_transforms.cpp.o[0m
[1.105s] [ 41%] [32mBuilding CXX object CMakeFiles/sensor_combined_listener.dir/src/examples/listeners/sensor_combined_listener.cpp.o[0m
[1.105s] [ 50%] [32mBuilding CXX object CMakeFiles/offboard_control_srv.dir/src/examples/offboard/offboard_control_srv.cpp.o[0m
[1.110s] [ 50%] Built target ament_cmake_python_symlink_px4_ros_com
[1.297s] running egg_info
[1.297s] creating px4_ros_com.egg-info
[1.311s] writing px4_ros_com.egg-info/PKG-INFO
[1.311s] writing dependency_links to px4_ros_com.egg-info/dependency_links.txt
[1.311s] writing top-level names to px4_ros_com.egg-info/top_level.txt
[1.311s] writing manifest file 'px4_ros_com.egg-info/SOURCES.txt'
[1.356s] reading manifest file 'px4_ros_com.egg-info/SOURCES.txt'
[1.357s] writing manifest file 'px4_ros_com.egg-info/SOURCES.txt'
[1.386s] [ 50%] Built target ament_cmake_python_build_px4_ros_com_egg
[4.769s] [ 58%] [32m[1mLinking CXX executable debug_vect_advertiser[0m
[4.961s] [ 58%] Built target debug_vect_advertiser
[6.168s] [ 66%] [32m[1mLinking CXX executable offboard_control[0m
[6.267s] [ 75%] [32m[1mLinking CXX executable offboard_control_srv[0m
[6.356s] [ 75%] Built target offboard_control
[6.451s] [ 75%] Built target offboard_control_srv
[6.458s] [ 83%] [32m[1mLinking CXX shared library libframe_transforms.so[0m
[6.629s] [ 83%] Built target frame_transforms
[6.840s] [ 91%] [32m[1mLinking CXX executable vehicle_gps_position_listener[0m
[7.029s] [ 91%] Built target vehicle_gps_position_listener
[7.094s] [100%] [32m[1mLinking CXX executable sensor_combined_listener[0m
[7.263s] [100%] Built target sensor_combined_listener
[7.275s] Invoked command in '/home/andrewsnowdy/uav-offboard-control/build/px4_ros_com' returned '0': AMENT_PREFIX_PATH=/home/andrewsnowdy/uav-offboard-control/install/px4_msgs:${AMENT_PREFIX_PATH} CMAKE_PREFIX_PATH=/home/andrewsnowdy/uav-offboard-control/install/px4_msgs:/opt/ros/jazzy/opt/gz_sim_vendor:/opt/ros/jazzy/opt/gz_sensors_vendor:/opt/ros/jazzy/opt/gz_physics_vendor:/opt/ros/jazzy/opt/sdformat_vendor:/opt/ros/jazzy/opt/gz_gui_vendor:/opt/ros/jazzy/opt/gz_transport_vendor:/opt/ros/jazzy/opt/gz_rendering_vendor:/opt/ros/jazzy/opt/gz_plugin_vendor:/opt/ros/jazzy/opt/gz_fuel_tools_vendor:/opt/ros/jazzy/opt/gz_msgs_vendor:/opt/ros/jazzy/opt/gz_common_vendor:/opt/ros/jazzy/opt/gz_math_vendor:/opt/ros/jazzy/opt/gz_utils_vendor:/opt/ros/jazzy/opt/gz_tools_vendor:/opt/ros/jazzy/opt/gz_ogre_next_vendor:/opt/ros/jazzy/opt/gz_dartsim_vendor:/opt/ros/jazzy/opt/gz_cmake_vendor:/opt/cyclonedds/install:/opt/ros/jazzy DEBUGINFOD_URLS=https://debuginfod.ubuntu.com LD_LIBRARY_PATH=/home/andrewsnowdy/uav-offboard-control/install/px4_msgs/lib:/opt/ros/jazzy/opt/gz_sim_vendor/lib:/opt/ros/jazzy/opt/gz_sensors_vendor/lib:/opt/ros/jazzy/opt/gz_physics_vendor/lib:/opt/ros/jazzy/opt/sdformat_vendor/lib:/opt/ros/jazzy/opt/rviz_ogre_vendor/lib:/opt/ros/jazzy/lib/x86_64-linux-gnu:/opt/ros/jazzy/opt/gz_gui_vendor/lib:/opt/ros/jazzy/opt/gz_transport_vendor/lib:/opt/ros/jazzy/opt/gz_rendering_vendor/lib:/opt/ros/jazzy/opt/gz_plugin_vendor/lib:/opt/ros/jazzy/opt/gz_fuel_tools_vendor/lib:/opt/ros/jazzy/opt/gz_msgs_vendor/lib:/opt/ros/jazzy/opt/gz_common_vendor/lib:/opt/ros/jazzy/opt/gz_math_vendor/lib:/opt/ros/jazzy/opt/gz_utils_vendor/lib:/opt/ros/jazzy/opt/gz_tools_vendor/lib:/opt/ros/jazzy/opt/gz_ogre_next_vendor/lib:/opt/ros/jazzy/opt/gz_dartsim_vendor/lib:/opt/ros/jazzy/opt/gz_cmake_vendor/lib:/opt/ros/jazzy/lib:/opt/cyclonedds/install/lib PYTHONPATH=/home/andrewsnowdy/uav-offboard-control/install/px4_msgs/lib/python3.12/site-packages:${PYTHONPATH} /usr/bin/cmake --build /home/andrewsnowdy/uav-offboard-control/build/px4_ros_com -- -j22 -l22
[7.276s] Invoking command in '/home/andrewsnowdy/uav-offboard-control/build/px4_ros_com': AMENT_PREFIX_PATH=/home/andrewsnowdy/uav-offboard-control/install/px4_msgs:${AMENT_PREFIX_PATH} CMAKE_PREFIX_PATH=/home/andrewsnowdy/uav-offboard-control/install/px4_msgs:/opt/ros/jazzy/opt/gz_sim_vendor:/opt/ros/jazzy/opt/gz_sensors_vendor:/opt/ros/jazzy/opt/gz_physics_vendor:/opt/ros/jazzy/opt/sdformat_vendor:/opt/ros/jazzy/opt/gz_gui_vendor:/opt/ros/jazzy/opt/gz_transport_vendor:/opt/ros/jazzy/opt/gz_rendering_vendor:/opt/ros/jazzy/opt/gz_plugin_vendor:/opt/ros/jazzy/opt/gz_fuel_tools_vendor:/opt/ros/jazzy/opt/gz_msgs_vendor:/opt/ros/jazzy/opt/gz_common_vendor:/opt/ros/jazzy/opt/gz_math_vendor:/opt/ros/jazzy/opt/gz_utils_vendor:/opt/ros/jazzy/opt/gz_tools_vendor:/opt/ros/jazzy/opt/gz_ogre_next_vendor:/opt/ros/jazzy/opt/gz_dartsim_vendor:/opt/ros/jazzy/opt/gz_cmake_vendor:/opt/cyclonedds/install:/opt/ros/jazzy DEBUGINFOD_URLS=https://debuginfod.ubuntu.com LD_LIBRARY_PATH=/home/andrewsnowdy/uav-offboard-control/install/px4_msgs/lib:/opt/ros/jazzy/opt/gz_sim_vendor/lib:/opt/ros/jazzy/opt/gz_sensors_vendor/lib:/opt/ros/jazzy/opt/gz_physics_vendor/lib:/opt/ros/jazzy/opt/sdformat_vendor/lib:/opt/ros/jazzy/opt/rviz_ogre_vendor/lib:/opt/ros/jazzy/lib/x86_64-linux-gnu:/opt/ros/jazzy/opt/gz_gui_vendor/lib:/opt/ros/jazzy/opt/gz_transport_vendor/lib:/opt/ros/jazzy/opt/gz_rendering_vendor/lib:/opt/ros/jazzy/opt/gz_plugin_vendor/lib:/opt/ros/jazzy/opt/gz_fuel_tools_vendor/lib:/opt/ros/jazzy/opt/gz_msgs_vendor/lib:/opt/ros/jazzy/opt/gz_common_vendor/lib:/opt/ros/jazzy/opt/gz_math_vendor/lib:/opt/ros/jazzy/opt/gz_utils_vendor/lib:/opt/ros/jazzy/opt/gz_tools_vendor/lib:/opt/ros/jazzy/opt/gz_ogre_next_vendor/lib:/opt/ros/jazzy/opt/gz_dartsim_vendor/lib:/opt/ros/jazzy/opt/gz_cmake_vendor/lib:/opt/ros/jazzy/lib:/opt/cyclonedds/install/lib PYTHONPATH=/home/andrewsnowdy/uav-offboard-control/install/px4_msgs/lib/python3.12/site-packages:${PYTHONPATH} /usr/bin/cmake --install /home/andrewsnowdy/uav-offboard-control/build/px4_ros_com
[7.281s] -- Install configuration: ""
[7.281s] -- Execute custom install script
[7.281s] -- Symlinking: /home/andrewsnowdy/uav-offboard-control/install/px4_ros_com/lib/px4_ros_com/sensor_combined_listener
[7.289s] -- Symlinking: /home/andrewsnowdy/uav-offboard-control/install/px4_ros_com/lib/px4_ros_com/vehicle_gps_position_listener
[7.294s] -- Symlinking: /home/andrewsnowdy/uav-offboard-control/install/px4_ros_com/lib/px4_ros_com/debug_vect_advertiser
[7.303s] -- Symlinking: /home/andrewsnowdy/uav-offboard-control/install/px4_ros_com/lib/px4_ros_com/offboard_control
[7.310s] -- Symlinking: /home/andrewsnowdy/uav-offboard-control/install/px4_ros_com/lib/px4_ros_com/offboard_control_srv
[7.318s] -- Symlinking: /home/andrewsnowdy/uav-offboard-control/install/px4_ros_com/share/px4_ros_com/environment/library_path.sh
[7.326s] -- Symlinking: /home/andrewsnowdy/uav-offboard-control/install/px4_ros_com/share/px4_ros_com/environment/library_path.dsv
[7.334s] -- Symlinking: /home/andrewsnowdy/uav-offboard-control/install/px4_ros_com/include/px4_ros_com/frame_transforms.h
[7.342s] -- Symlinking: /home/andrewsnowdy/uav-offboard-control/install/px4_ros_com/share/px4_ros_com//launch/offboard_control_launch.yaml
[7.349s] -- Symlinking: /home/andrewsnowdy/uav-offboard-control/install/px4_ros_com/share/px4_ros_com//launch/sensor_combined_listener.launch.py
[7.356s] -- Symlinking: /home/andrewsnowdy/uav-offboard-control/install/px4_ros_com/share/px4_ros_com//test/__init__.py
[7.362s] -- Symlinking: /home/andrewsnowdy/uav-offboard-control/install/px4_ros_com/share/px4_ros_com//test/pipeline_io_test.py
[7.369s] -- Symlinking: /home/andrewsnowdy/uav-offboard-control/install/px4_ros_com/share/px4_ros_com//test/test_input.py
[7.375s] -- Symlinking: /home/andrewsnowdy/uav-offboard-control/install/px4_ros_com/share/px4_ros_com//test/test_output.py
[7.382s] -- Symlinking: /home/andrewsnowdy/uav-offboard-control/install/px4_ros_com/share/px4_ros_com/environment/pythonpath.sh
[7.388s] -- Symlinking: /home/andrewsnowdy/uav-offboard-control/install/px4_ros_com/share/px4_ros_com/environment/pythonpath.dsv
[7.394s] -- Symlinking: /home/andrewsnowdy/uav-offboard-control/install/px4_ros_com/lib/python3.12/site-packages/px4_ros_com-0.1.0-py3.12.egg-info/PKG-INFO
[7.400s] -- Symlinking: /home/andrewsnowdy/uav-offboard-control/install/px4_ros_com/lib/python3.12/site-packages/px4_ros_com-0.1.0-py3.12.egg-info/SOURCES.txt
[7.408s] -- Symlinking: /home/andrewsnowdy/uav-offboard-control/install/px4_ros_com/lib/python3.12/site-packages/px4_ros_com-0.1.0-py3.12.egg-info/dependency_links.txt
[7.414s] -- Symlinking: /home/andrewsnowdy/uav-offboard-control/install/px4_ros_com/lib/python3.12/site-packages/px4_ros_com-0.1.0-py3.12.egg-info/top_level.txt
[7.423s] -- Symlinking: /home/andrewsnowdy/uav-offboard-control/install/px4_ros_com/lib/python3.12/site-packages/px4_ros_com/__init__.py
[7.431s] -- Symlinking: /home/andrewsnowdy/uav-offboard-control/install/px4_ros_com/lib/python3.12/site-packages/px4_ros_com/module_to_import.py
[7.436s] -- Symlinking: /home/andrewsnowdy/uav-offboard-control/install/px4_ros_com/lib/px4_ros_com/offboard_control.py
[7.444s] -- Symlinking: /home/andrewsnowdy/uav-offboard-control/install/px4_ros_com/share/ament_index/resource_index/package_run_dependencies/px4_ros_com
[7.451s] -- Symlinking: /home/andrewsnowdy/uav-offboard-control/install/px4_ros_com/share/ament_index/resource_index/parent_prefix_path/px4_ros_com
[7.458s] -- Symlinking: /home/andrewsnowdy/uav-offboard-control/install/px4_ros_com/share/px4_ros_com/environment/ament_prefix_path.sh
[7.463s] -- Symlinking: /home/andrewsnowdy/uav-offboard-control/install/px4_ros_com/share/px4_ros_com/environment/ament_prefix_path.dsv
[7.469s] -- Symlinking: /home/andrewsnowdy/uav-offboard-control/install/px4_ros_com/share/px4_ros_com/environment/path.sh
[7.474s] -- Symlinking: /home/andrewsnowdy/uav-offboard-control/install/px4_ros_com/share/px4_ros_com/environment/path.dsv
[7.481s] -- Symlinking: /home/andrewsnowdy/uav-offboard-control/install/px4_ros_com/share/px4_ros_com/local_setup.bash
[7.486s] -- Symlinking: /home/andrewsnowdy/uav-offboard-control/install/px4_ros_com/share/px4_ros_com/local_setup.sh
[7.492s] -- Symlinking: /home/andrewsnowdy/uav-offboard-control/install/px4_ros_com/share/px4_ros_com/local_setup.zsh
[7.497s] -- Symlinking: /home/andrewsnowdy/uav-offboard-control/install/px4_ros_com/share/px4_ros_com/local_setup.dsv
[7.504s] -- Symlinking: /home/andrewsnowdy/uav-offboard-control/install/px4_ros_com/share/px4_ros_com/package.dsv
[7.512s] -- Symlinking: /home/andrewsnowdy/uav-offboard-control/install/px4_ros_com/share/ament_index/resource_index/packages/px4_ros_com
[7.517s] -- Symlinking: /home/andrewsnowdy/uav-offboard-control/install/px4_ros_com/share/px4_ros_com/cmake/ament_cmake_export_dependencies-extras.cmake
[7.525s] -- Symlinking: /home/andrewsnowdy/uav-offboard-control/install/px4_ros_com/share/px4_ros_com/cmake/ament_cmake_export_targets-extras.cmake
[7.532s] -- Symlinking: /home/andrewsnowdy/uav-offboard-control/install/px4_ros_com/share/px4_ros_com/cmake/ament_cmake_export_include_directories-extras.cmake
[7.538s] -- Symlinking: /home/andrewsnowdy/uav-offboard-control/install/px4_ros_com/share/px4_ros_com/cmake/ament_cmake_export_libraries-extras.cmake
[7.544s] -- Symlinking: /home/andrewsnowdy/uav-offboard-control/install/px4_ros_com/share/px4_ros_com/cmake/px4_ros_comConfig.cmake
[7.551s] -- Symlinking: /home/andrewsnowdy/uav-offboard-control/install/px4_ros_com/share/px4_ros_com/cmake/px4_ros_comConfig-version.cmake
[7.556s] -- Symlinking: /home/andrewsnowdy/uav-offboard-control/install/px4_ros_com/share/px4_ros_com/package.xml
[7.562s] -- Installing: /home/andrewsnowdy/uav-offboard-control/install/px4_ros_com/lib/libframe_transforms.so
[7.563s] -- Set non-toolchain portion of runtime path of "/home/andrewsnowdy/uav-offboard-control/install/px4_ros_com/lib/libframe_transforms.so" to ""
[7.586s] Listing '/home/andrewsnowdy/uav-offboard-control/install/px4_ros_com/lib/python3.12/site-packages/px4_ros_com'...
[7.586s] Compiling '/home/andrewsnowdy/uav-offboard-control/install/px4_ros_com/lib/python3.12/site-packages/px4_ros_com/__init__.py'...
[7.586s] Compiling '/home/andrewsnowdy/uav-offboard-control/install/px4_ros_com/lib/python3.12/site-packages/px4_ros_com/module_to_import.py'...
[7.589s] -- Installing: /home/andrewsnowdy/uav-offboard-control/install/px4_ros_com/share/px4_ros_com/cmake/export_frame_transformsExport.cmake
[7.589s] -- Installing: /home/andrewsnowdy/uav-offboard-control/install/px4_ros_com/share/px4_ros_com/cmake/export_frame_transformsExport-noconfig.cmake
[7.591s] Invoked command in '/home/andrewsnowdy/uav-offboard-control/build/px4_ros_com' returned '0': AMENT_PREFIX_PATH=/home/andrewsnowdy/uav-offboard-control/install/px4_msgs:${AMENT_PREFIX_PATH} CMAKE_PREFIX_PATH=/home/andrewsnowdy/uav-offboard-control/install/px4_msgs:/opt/ros/jazzy/opt/gz_sim_vendor:/opt/ros/jazzy/opt/gz_sensors_vendor:/opt/ros/jazzy/opt/gz_physics_vendor:/opt/ros/jazzy/opt/sdformat_vendor:/opt/ros/jazzy/opt/gz_gui_vendor:/opt/ros/jazzy/opt/gz_transport_vendor:/opt/ros/jazzy/opt/gz_rendering_vendor:/opt/ros/jazzy/opt/gz_plugin_vendor:/opt/ros/jazzy/opt/gz_fuel_tools_vendor:/opt/ros/jazzy/opt/gz_msgs_vendor:/opt/ros/jazzy/opt/gz_common_vendor:/opt/ros/jazzy/opt/gz_math_vendor:/opt/ros/jazzy/opt/gz_utils_vendor:/opt/ros/jazzy/opt/gz_tools_vendor:/opt/ros/jazzy/opt/gz_ogre_next_vendor:/opt/ros/jazzy/opt/gz_dartsim_vendor:/opt/ros/jazzy/opt/gz_cmake_vendor:/opt/cyclonedds/install:/opt/ros/jazzy DEBUGINFOD_URLS=https://debuginfod.ubuntu.com LD_LIBRARY_PATH=/home/andrewsnowdy/uav-offboard-control/install/px4_msgs/lib:/opt/ros/jazzy/opt/gz_sim_vendor/lib:/opt/ros/jazzy/opt/gz_sensors_vendor/lib:/opt/ros/jazzy/opt/gz_physics_vendor/lib:/opt/ros/jazzy/opt/sdformat_vendor/lib:/opt/ros/jazzy/opt/rviz_ogre_vendor/lib:/opt/ros/jazzy/lib/x86_64-linux-gnu:/opt/ros/jazzy/opt/gz_gui_vendor/lib:/opt/ros/jazzy/opt/gz_transport_vendor/lib:/opt/ros/jazzy/opt/gz_rendering_vendor/lib:/opt/ros/jazzy/opt/gz_plugin_vendor/lib:/opt/ros/jazzy/opt/gz_fuel_tools_vendor/lib:/opt/ros/jazzy/opt/gz_msgs_vendor/lib:/opt/ros/jazzy/opt/gz_common_vendor/lib:/opt/ros/jazzy/opt/gz_math_vendor/lib:/opt/ros/jazzy/opt/gz_utils_vendor/lib:/opt/ros/jazzy/opt/gz_tools_vendor/lib:/opt/ros/jazzy/opt/gz_ogre_next_vendor/lib:/opt/ros/jazzy/opt/gz_dartsim_vendor/lib:/opt/ros/jazzy/opt/gz_cmake_vendor/lib:/opt/ros/jazzy/lib:/opt/cyclonedds/install/lib PYTHONPATH=/home/andrewsnowdy/uav-offboard-control/install/px4_msgs/lib/python3.12/site-packages:${PYTHONPATH} /usr/bin/cmake --install /home/andrewsnowdy/uav-offboard-control/build/px4_ros_com
