[0.172s] DEBUG:colcon:Command line arguments: ['/usr/bin/colcon', 'build', '--symlink-install']
[0.172s] DEBUG:colcon:Parsed command line arguments: Namespace(log_base=None, log_level=None, verb_name='build', build_base='build', install_base='install', merge_install=False, symlink_install=True, test_result_base=None, continue_on_error=False, executor='parallel', parallel_workers=22, event_handlers=None, ignore_user_meta=False, metas=['./colcon.meta'], base_paths=['.'], packages_ignore=None, packages_ignore_regex=None, paths=None, packages_up_to=None, packages_up_to_regex=None, packages_above=None, packages_above_and_dependencies=None, packages_above_depth=None, packages_select_by_dep=None, packages_skip_by_dep=None, packages_skip_up_to=None, packages_select_build_failed=False, packages_skip_build_finished=False, packages_select_test_failures=False, packages_skip_test_passed=False, packages_select=None, packages_skip=None, packages_select_regex=None, packages_skip_regex=None, packages_start=None, packages_end=None, allow_overriding=[], cmake_args=None, cmake_target=None, cmake_target_skip_unavailable=False, cmake_clean_cache=False, cmake_clean_first=False, cmake_force_configure=False, ament_cmake_args=None, catkin_cmake_args=None, catkin_skip_building_tests=False, mixin_files=None, mixin=None, verb_parser=<colcon_mixin.mixin.mixin_argument.MixinArgumentDecorator object at 0x77e659eae9c0>, verb_extension=<colcon_core.verb.build.BuildVerb object at 0x77e659eae480>, main=<bound method BuildVerb.main of <colcon_core.verb.build.BuildVerb object at 0x77e659eae480>>, mixin_verb=('build',))
[0.246s] Level 1:colcon.colcon_core.package_discovery:discover_packages(colcon_meta) check parameters
[0.246s] Level 1:colcon.colcon_core.package_discovery:discover_packages(recursive) check parameters
[0.246s] Level 1:colcon.colcon_core.package_discovery:discover_packages(ignore) check parameters
[0.246s] Level 1:colcon.colcon_core.package_discovery:discover_packages(path) check parameters
[0.246s] Level 1:colcon.colcon_core.package_discovery:discover_packages(colcon_meta) discover
[0.246s] Level 1:colcon.colcon_core.package_discovery:discover_packages(recursive) discover
[0.246s] INFO:colcon.colcon_core.package_discovery:Crawling recursively for packages in '/home/andrewsnowdy/uav-offboard-control'
[0.246s] Level 1:colcon.colcon_core.package_identification:_identify(.) by extensions ['ignore', 'ignore_ament_install']
[0.246s] Level 1:colcon.colcon_core.package_identification:_identify(.) by extension 'ignore'
[0.246s] Level 1:colcon.colcon_core.package_identification:_identify(.) by extension 'ignore_ament_install'
[0.246s] Level 1:colcon.colcon_core.package_identification:_identify(.) by extensions ['colcon_pkg']
[0.246s] Level 1:colcon.colcon_core.package_identification:_identify(.) by extension 'colcon_pkg'
[0.246s] Level 1:colcon.colcon_core.package_identification:_identify(.) by extensions ['colcon_meta']
[0.246s] Level 1:colcon.colcon_core.package_identification:_identify(.) by extension 'colcon_meta'
[0.246s] Level 1:colcon.colcon_core.package_identification:_identify(.) by extensions ['ros']
[0.246s] Level 1:colcon.colcon_core.package_identification:_identify(.) by extension 'ros'
[0.281s] Level 1:colcon.colcon_core.package_identification:_identify(.) by extensions ['cmake', 'python']
[0.281s] Level 1:colcon.colcon_core.package_identification:_identify(.) by extension 'cmake'
[0.281s] Level 1:colcon.colcon_core.package_identification:_identify(.) by extension 'python'
[0.281s] Level 1:colcon.colcon_core.package_identification:_identify(.) by extensions ['python_setup_py']
[0.281s] Level 1:colcon.colcon_core.package_identification:_identify(.) by extension 'python_setup_py'
[0.281s] Level 1:colcon.colcon_core.package_identification:_identify(build) by extensions ['ignore', 'ignore_ament_install']
[0.282s] Level 1:colcon.colcon_core.package_identification:_identify(build) by extension 'ignore'
[0.282s] Level 1:colcon.colcon_core.package_identification:_identify(build) ignored
[0.282s] Level 1:colcon.colcon_core.package_identification:_identify(install) by extensions ['ignore', 'ignore_ament_install']
[0.282s] Level 1:colcon.colcon_core.package_identification:_identify(install) by extension 'ignore'
[0.282s] Level 1:colcon.colcon_core.package_identification:_identify(install) ignored
[0.282s] Level 1:colcon.colcon_core.package_identification:_identify(log) by extensions ['ignore', 'ignore_ament_install']
[0.282s] Level 1:colcon.colcon_core.package_identification:_identify(log) by extension 'ignore'
[0.282s] Level 1:colcon.colcon_core.package_identification:_identify(log) ignored
[0.282s] Level 1:colcon.colcon_core.package_identification:_identify(src) by extensions ['ignore', 'ignore_ament_install']
[0.282s] Level 1:colcon.colcon_core.package_identification:_identify(src) by extension 'ignore'
[0.282s] Level 1:colcon.colcon_core.package_identification:_identify(src) by extension 'ignore_ament_install'
[0.282s] Level 1:colcon.colcon_core.package_identification:_identify(src) by extensions ['colcon_pkg']
[0.282s] Level 1:colcon.colcon_core.package_identification:_identify(src) by extension 'colcon_pkg'
[0.282s] Level 1:colcon.colcon_core.package_identification:_identify(src) by extensions ['colcon_meta']
[0.282s] Level 1:colcon.colcon_core.package_identification:_identify(src) by extension 'colcon_meta'
[0.282s] Level 1:colcon.colcon_core.package_identification:_identify(src) by extensions ['ros']
[0.282s] Level 1:colcon.colcon_core.package_identification:_identify(src) by extension 'ros'
[0.282s] Level 1:colcon.colcon_core.package_identification:_identify(src) by extensions ['cmake', 'python']
[0.282s] Level 1:colcon.colcon_core.package_identification:_identify(src) by extension 'cmake'
[0.283s] Level 1:colcon.colcon_core.package_identification:_identify(src) by extension 'python'
[0.283s] Level 1:colcon.colcon_core.package_identification:_identify(src) by extensions ['python_setup_py']
[0.283s] Level 1:colcon.colcon_core.package_identification:_identify(src) by extension 'python_setup_py'
[0.283s] Level 1:colcon.colcon_core.package_identification:_identify(src/external) by extensions ['ignore', 'ignore_ament_install']
[0.283s] Level 1:colcon.colcon_core.package_identification:_identify(src/external) by extension 'ignore'
[0.283s] Level 1:colcon.colcon_core.package_identification:_identify(src/external) by extension 'ignore_ament_install'
[0.283s] Level 1:colcon.colcon_core.package_identification:_identify(src/external) by extensions ['colcon_pkg']
[0.283s] Level 1:colcon.colcon_core.package_identification:_identify(src/external) by extension 'colcon_pkg'
[0.283s] Level 1:colcon.colcon_core.package_identification:_identify(src/external) by extensions ['colcon_meta']
[0.283s] Level 1:colcon.colcon_core.package_identification:_identify(src/external) by extension 'colcon_meta'
[0.283s] Level 1:colcon.colcon_core.package_identification:_identify(src/external) by extensions ['ros']
[0.283s] Level 1:colcon.colcon_core.package_identification:_identify(src/external) by extension 'ros'
[0.283s] Level 1:colcon.colcon_core.package_identification:_identify(src/external) by extensions ['cmake', 'python']
[0.283s] Level 1:colcon.colcon_core.package_identification:_identify(src/external) by extension 'cmake'
[0.283s] Level 1:colcon.colcon_core.package_identification:_identify(src/external) by extension 'python'
[0.283s] Level 1:colcon.colcon_core.package_identification:_identify(src/external) by extensions ['python_setup_py']
[0.283s] Level 1:colcon.colcon_core.package_identification:_identify(src/external) by extension 'python_setup_py'
[0.283s] Level 1:colcon.colcon_core.package_identification:_identify(src/src) by extensions ['ignore', 'ignore_ament_install']
[0.283s] Level 1:colcon.colcon_core.package_identification:_identify(src/src) by extension 'ignore'
[0.283s] Level 1:colcon.colcon_core.package_identification:_identify(src/src) by extension 'ignore_ament_install'
[0.283s] Level 1:colcon.colcon_core.package_identification:_identify(src/src) by extensions ['colcon_pkg']
[0.283s] Level 1:colcon.colcon_core.package_identification:_identify(src/src) by extension 'colcon_pkg'
[0.283s] Level 1:colcon.colcon_core.package_identification:_identify(src/src) by extensions ['colcon_meta']
[0.283s] Level 1:colcon.colcon_core.package_identification:_identify(src/src) by extension 'colcon_meta'
[0.283s] Level 1:colcon.colcon_core.package_identification:_identify(src/src) by extensions ['ros']
[0.283s] Level 1:colcon.colcon_core.package_identification:_identify(src/src) by extension 'ros'
[0.283s] Level 1:colcon.colcon_core.package_identification:_identify(src/src) by extensions ['cmake', 'python']
[0.283s] Level 1:colcon.colcon_core.package_identification:_identify(src/src) by extension 'cmake'
[0.283s] Level 1:colcon.colcon_core.package_identification:_identify(src/src) by extension 'python'
[0.283s] Level 1:colcon.colcon_core.package_identification:_identify(src/src) by extensions ['python_setup_py']
[0.283s] Level 1:colcon.colcon_core.package_identification:_identify(src/src) by extension 'python_setup_py'
[0.283s] Level 1:colcon.colcon_core.package_identification:_identify(src/src/external) by extensions ['ignore', 'ignore_ament_install']
[0.283s] Level 1:colcon.colcon_core.package_identification:_identify(src/src/external) by extension 'ignore'
[0.283s] Level 1:colcon.colcon_core.package_identification:_identify(src/src/external) by extension 'ignore_ament_install'
[0.284s] Level 1:colcon.colcon_core.package_identification:_identify(src/src/external) by extensions ['colcon_pkg']
[0.284s] Level 1:colcon.colcon_core.package_identification:_identify(src/src/external) by extension 'colcon_pkg'
[0.284s] Level 1:colcon.colcon_core.package_identification:_identify(src/src/external) by extensions ['colcon_meta']
[0.284s] Level 1:colcon.colcon_core.package_identification:_identify(src/src/external) by extension 'colcon_meta'
[0.284s] Level 1:colcon.colcon_core.package_identification:_identify(src/src/external) by extensions ['ros']
[0.284s] Level 1:colcon.colcon_core.package_identification:_identify(src/src/external) by extension 'ros'
[0.284s] Level 1:colcon.colcon_core.package_identification:_identify(src/src/external) by extensions ['cmake', 'python']
[0.284s] Level 1:colcon.colcon_core.package_identification:_identify(src/src/external) by extension 'cmake'
[0.284s] Level 1:colcon.colcon_core.package_identification:_identify(src/src/external) by extension 'python'
[0.284s] Level 1:colcon.colcon_core.package_identification:_identify(src/src/external) by extensions ['python_setup_py']
[0.284s] Level 1:colcon.colcon_core.package_identification:_identify(src/src/external) by extension 'python_setup_py'
[0.284s] Level 1:colcon.colcon_core.package_identification:_identify(src/src/external/px4_msgs) by extensions ['ignore', 'ignore_ament_install']
[0.284s] Level 1:colcon.colcon_core.package_identification:_identify(src/src/external/px4_msgs) by extension 'ignore'
[0.284s] Level 1:colcon.colcon_core.package_identification:_identify(src/src/external/px4_msgs) by extension 'ignore_ament_install'
[0.284s] Level 1:colcon.colcon_core.package_identification:_identify(src/src/external/px4_msgs) by extensions ['colcon_pkg']
[0.284s] Level 1:colcon.colcon_core.package_identification:_identify(src/src/external/px4_msgs) by extension 'colcon_pkg'
[0.284s] Level 1:colcon.colcon_core.package_identification:_identify(src/src/external/px4_msgs) by extensions ['colcon_meta']
[0.284s] Level 1:colcon.colcon_core.package_identification:_identify(src/src/external/px4_msgs) by extension 'colcon_meta'
[0.284s] Level 1:colcon.colcon_core.package_identification:_identify(src/src/external/px4_msgs) by extensions ['ros']
[0.284s] Level 1:colcon.colcon_core.package_identification:_identify(src/src/external/px4_msgs) by extension 'ros'
[0.287s] DEBUG:colcon.colcon_core.package_identification:Package 'src/src/external/px4_msgs' with type 'ros.ament_cmake' and name 'px4_msgs'
[0.287s] Level 1:colcon.colcon_core.package_identification:_identify(src/src/external/px4_ros_com) by extensions ['ignore', 'ignore_ament_install']
[0.287s] Level 1:colcon.colcon_core.package_identification:_identify(src/src/external/px4_ros_com) by extension 'ignore'
[0.287s] Level 1:colcon.colcon_core.package_identification:_identify(src/src/external/px4_ros_com) by extension 'ignore_ament_install'
[0.287s] Level 1:colcon.colcon_core.package_identification:_identify(src/src/external/px4_ros_com) by extensions ['colcon_pkg']
[0.287s] Level 1:colcon.colcon_core.package_identification:_identify(src/src/external/px4_ros_com) by extension 'colcon_pkg'
[0.288s] Level 1:colcon.colcon_core.package_identification:_identify(src/src/external/px4_ros_com) by extensions ['colcon_meta']
[0.288s] Level 1:colcon.colcon_core.package_identification:_identify(src/src/external/px4_ros_com) by extension 'colcon_meta'
[0.288s] Level 1:colcon.colcon_core.package_identification:_identify(src/src/external/px4_ros_com) by extensions ['ros']
[0.288s] Level 1:colcon.colcon_core.package_identification:_identify(src/src/external/px4_ros_com) by extension 'ros'
[0.289s] DEBUG:colcon.colcon_core.package_identification:Package 'src/src/external/px4_ros_com' with type 'ros.ament_cmake' and name 'px4_ros_com'
[0.289s] Level 1:colcon.colcon_core.package_discovery:discover_packages(recursive) using defaults
[0.289s] Level 1:colcon.colcon_core.package_discovery:discover_packages(ignore) discover
[0.289s] Level 1:colcon.colcon_core.package_discovery:discover_packages(ignore) using defaults
[0.289s] Level 1:colcon.colcon_core.package_discovery:discover_packages(path) discover
[0.289s] Level 1:colcon.colcon_core.package_discovery:discover_packages(path) using defaults
[0.311s] Level 1:colcon.colcon_core.package_discovery:discover_packages(prefix_path) check parameters
[0.311s] Level 1:colcon.colcon_core.package_discovery:discover_packages(prefix_path) discover
[0.314s] DEBUG:colcon.colcon_installed_package_information.package_discovery:Found 374 installed packages in /opt/ros/jazzy
[0.315s] Level 1:colcon.colcon_core.package_discovery:discover_packages(prefix_path) using defaults
[0.355s] Level 5:colcon.colcon_core.verb:set package 'px4_msgs' build argument 'cmake_args' from command line to 'None'
[0.355s] Level 5:colcon.colcon_core.verb:set package 'px4_msgs' build argument 'cmake_target' from command line to 'None'
[0.355s] Level 5:colcon.colcon_core.verb:set package 'px4_msgs' build argument 'cmake_target_skip_unavailable' from command line to 'False'
[0.355s] Level 5:colcon.colcon_core.verb:set package 'px4_msgs' build argument 'cmake_clean_cache' from command line to 'False'
[0.355s] Level 5:colcon.colcon_core.verb:set package 'px4_msgs' build argument 'cmake_clean_first' from command line to 'False'
[0.355s] Level 5:colcon.colcon_core.verb:set package 'px4_msgs' build argument 'cmake_force_configure' from command line to 'False'
[0.355s] Level 5:colcon.colcon_core.verb:set package 'px4_msgs' build argument 'ament_cmake_args' from command line to 'None'
[0.355s] Level 5:colcon.colcon_core.verb:set package 'px4_msgs' build argument 'catkin_cmake_args' from command line to 'None'
[0.355s] Level 5:colcon.colcon_core.verb:set package 'px4_msgs' build argument 'catkin_skip_building_tests' from command line to 'False'
[0.355s] DEBUG:colcon.colcon_core.verb:Building package 'px4_msgs' with the following arguments: {'ament_cmake_args': None, 'build_base': '/home/andrewsnowdy/uav-offboard-control/build/px4_msgs', 'catkin_cmake_args': None, 'catkin_skip_building_tests': False, 'cmake_args': None, 'cmake_clean_cache': False, 'cmake_clean_first': False, 'cmake_force_configure': False, 'cmake_target': None, 'cmake_target_skip_unavailable': False, 'install_base': '/home/andrewsnowdy/uav-offboard-control/install/px4_msgs', 'merge_install': False, 'path': '/home/andrewsnowdy/uav-offboard-control/src/src/external/px4_msgs', 'symlink_install': True, 'test_result_base': None}
[0.355s] Level 5:colcon.colcon_core.verb:set package 'px4_ros_com' build argument 'cmake_args' from command line to 'None'
[0.355s] Level 5:colcon.colcon_core.verb:set package 'px4_ros_com' build argument 'cmake_target' from command line to 'None'
[0.355s] Level 5:colcon.colcon_core.verb:set package 'px4_ros_com' build argument 'cmake_target_skip_unavailable' from command line to 'False'
[0.355s] Level 5:colcon.colcon_core.verb:set package 'px4_ros_com' build argument 'cmake_clean_cache' from command line to 'False'
[0.355s] Level 5:colcon.colcon_core.verb:set package 'px4_ros_com' build argument 'cmake_clean_first' from command line to 'False'
[0.355s] Level 5:colcon.colcon_core.verb:set package 'px4_ros_com' build argument 'cmake_force_configure' from command line to 'False'
[0.355s] Level 5:colcon.colcon_core.verb:set package 'px4_ros_com' build argument 'ament_cmake_args' from command line to 'None'
[0.355s] Level 5:colcon.colcon_core.verb:set package 'px4_ros_com' build argument 'catkin_cmake_args' from command line to 'None'
[0.355s] Level 5:colcon.colcon_core.verb:set package 'px4_ros_com' build argument 'catkin_skip_building_tests' from command line to 'False'
[0.355s] DEBUG:colcon.colcon_core.verb:Building package 'px4_ros_com' with the following arguments: {'ament_cmake_args': None, 'build_base': '/home/andrewsnowdy/uav-offboard-control/build/px4_ros_com', 'catkin_cmake_args': None, 'catkin_skip_building_tests': False, 'cmake_args': None, 'cmake_clean_cache': False, 'cmake_clean_first': False, 'cmake_force_configure': False, 'cmake_target': None, 'cmake_target_skip_unavailable': False, 'install_base': '/home/andrewsnowdy/uav-offboard-control/install/px4_ros_com', 'merge_install': False, 'path': '/home/andrewsnowdy/uav-offboard-control/src/src/external/px4_ros_com', 'symlink_install': True, 'test_result_base': None}
[0.355s] INFO:colcon.colcon_core.executor:Executing jobs using 'parallel' executor
[0.357s] DEBUG:colcon.colcon_parallel_executor.executor.parallel:run_until_complete
[0.357s] INFO:colcon.colcon_ros.task.ament_cmake.build:Building ROS package in '/home/andrewsnowdy/uav-offboard-control/src/src/external/px4_msgs' with build type 'ament_cmake'
[0.357s] INFO:colcon.colcon_cmake.task.cmake.build:Building CMake package in '/home/andrewsnowdy/uav-offboard-control/src/src/external/px4_msgs'
[0.364s] INFO:colcon.colcon_core.plugin_system:Skipping extension 'colcon_core.shell.bat': Not used on non-Windows systems
[0.364s] INFO:colcon.colcon_core.shell:Skip shell extension 'powershell' for command environment: Not usable outside of PowerShell
[0.364s] DEBUG:colcon.colcon_core.shell:Skip shell extension 'dsv' for command environment
[0.372s] DEBUG:colcon.colcon_core.event_handler.log_command:Invoking command in '/home/andrewsnowdy/uav-offboard-control/build/px4_msgs': CMAKE_PREFIX_PATH=${CMAKE_PREFIX_PATH}:/opt/ros/jazzy DEBUGINFOD_URLS=https://debuginfod.ubuntu.com /usr/bin/cmake /home/andrewsnowdy/uav-offboard-control/src/src/external/px4_msgs -DAMENT_CMAKE_SYMLINK_INSTALL=1 -DCMAKE_INSTALL_PREFIX=/home/andrewsnowdy/uav-offboard-control/install/px4_msgs
[5.439s] DEBUG:colcon.colcon_core.event_handler.log_command:Invoked command in '/home/andrewsnowdy/uav-offboard-control/build/px4_msgs' returned '0': CMAKE_PREFIX_PATH=${CMAKE_PREFIX_PATH}:/opt/ros/jazzy DEBUGINFOD_URLS=https://debuginfod.ubuntu.com /usr/bin/cmake /home/andrewsnowdy/uav-offboard-control/src/src/external/px4_msgs -DAMENT_CMAKE_SYMLINK_INSTALL=1 -DCMAKE_INSTALL_PREFIX=/home/andrewsnowdy/uav-offboard-control/install/px4_msgs
[5.441s] DEBUG:colcon.colcon_core.event_handler.log_command:Invoking command in '/home/andrewsnowdy/uav-offboard-control/build/px4_msgs': CMAKE_PREFIX_PATH=${CMAKE_PREFIX_PATH}:/opt/ros/jazzy DEBUGINFOD_URLS=https://debuginfod.ubuntu.com /usr/bin/cmake --build /home/andrewsnowdy/uav-offboard-control/build/px4_msgs -- -j22 -l22
[168.216s] DEBUG:colcon.colcon_core.event_handler.log_command:Invoked command in '/home/andrewsnowdy/uav-offboard-control/build/px4_msgs' returned '0': CMAKE_PREFIX_PATH=${CMAKE_PREFIX_PATH}:/opt/ros/jazzy DEBUGINFOD_URLS=https://debuginfod.ubuntu.com /usr/bin/cmake --build /home/andrewsnowdy/uav-offboard-control/build/px4_msgs -- -j22 -l22
[168.226s] DEBUG:colcon.colcon_core.event_handler.log_command:Invoking command in '/home/andrewsnowdy/uav-offboard-control/build/px4_msgs': CMAKE_PREFIX_PATH=${CMAKE_PREFIX_PATH}:/opt/ros/jazzy DEBUGINFOD_URLS=https://debuginfod.ubuntu.com /usr/bin/cmake --install /home/andrewsnowdy/uav-offboard-control/build/px4_msgs
[199.451s] Level 1:colcon.colcon_core.environment:create_environment_scripts_only(px4_msgs)
[199.451s] DEBUG:colcon.colcon_core.event_handler.log_command:Invoked command in '/home/andrewsnowdy/uav-offboard-control/build/px4_msgs' returned '0': CMAKE_PREFIX_PATH=${CMAKE_PREFIX_PATH}:/opt/ros/jazzy DEBUGINFOD_URLS=https://debuginfod.ubuntu.com /usr/bin/cmake --install /home/andrewsnowdy/uav-offboard-control/build/px4_msgs
[199.462s] Level 1:colcon.colcon_core.environment:checking '/home/andrewsnowdy/uav-offboard-control/install/px4_msgs' for CMake module files
[199.463s] Level 1:colcon.colcon_core.environment:checking '/home/andrewsnowdy/uav-offboard-control/install/px4_msgs' for CMake config files
[199.466s] Level 1:colcon.colcon_core.shell:create_environment_hook('px4_msgs', 'cmake_prefix_path')
[199.466s] INFO:colcon.colcon_core.shell:Creating environment hook '/home/andrewsnowdy/uav-offboard-control/install/px4_msgs/share/px4_msgs/hook/cmake_prefix_path.ps1'
[199.467s] INFO:colcon.colcon_core.shell:Creating environment descriptor '/home/andrewsnowdy/uav-offboard-control/install/px4_msgs/share/px4_msgs/hook/cmake_prefix_path.dsv'
[199.467s] INFO:colcon.colcon_core.shell:Creating environment hook '/home/andrewsnowdy/uav-offboard-control/install/px4_msgs/share/px4_msgs/hook/cmake_prefix_path.sh'
[199.468s] Level 1:colcon.colcon_core.environment:checking '/home/andrewsnowdy/uav-offboard-control/install/px4_msgs/lib'
[199.468s] Level 1:colcon.colcon_core.shell:create_environment_hook('px4_msgs', 'ld_library_path_lib')
[199.468s] INFO:colcon.colcon_core.shell:Creating environment hook '/home/andrewsnowdy/uav-offboard-control/install/px4_msgs/share/px4_msgs/hook/ld_library_path_lib.ps1'
[199.468s] INFO:colcon.colcon_core.shell:Creating environment descriptor '/home/andrewsnowdy/uav-offboard-control/install/px4_msgs/share/px4_msgs/hook/ld_library_path_lib.dsv'
[199.468s] INFO:colcon.colcon_core.shell:Creating environment hook '/home/andrewsnowdy/uav-offboard-control/install/px4_msgs/share/px4_msgs/hook/ld_library_path_lib.sh'
[199.468s] Level 1:colcon.colcon_core.environment:checking '/home/andrewsnowdy/uav-offboard-control/install/px4_msgs/bin'
[199.468s] Level 1:colcon.colcon_core.environment:checking '/home/andrewsnowdy/uav-offboard-control/install/px4_msgs/lib/pkgconfig/px4_msgs.pc'
[199.469s] Level 1:colcon.colcon_core.environment:checking '/home/andrewsnowdy/uav-offboard-control/install/px4_msgs/lib/python3.12/site-packages'
[199.469s] Level 1:colcon.colcon_core.shell:create_environment_hook('px4_msgs', 'pythonpath')
[199.469s] INFO:colcon.colcon_core.shell:Creating environment hook '/home/andrewsnowdy/uav-offboard-control/install/px4_msgs/share/px4_msgs/hook/pythonpath.ps1'
[199.469s] INFO:colcon.colcon_core.shell:Creating environment descriptor '/home/andrewsnowdy/uav-offboard-control/install/px4_msgs/share/px4_msgs/hook/pythonpath.dsv'
[199.469s] INFO:colcon.colcon_core.shell:Creating environment hook '/home/andrewsnowdy/uav-offboard-control/install/px4_msgs/share/px4_msgs/hook/pythonpath.sh'
[199.469s] Level 1:colcon.colcon_core.environment:checking '/home/andrewsnowdy/uav-offboard-control/install/px4_msgs/bin'
[199.469s] INFO:colcon.colcon_core.shell:Creating package script '/home/andrewsnowdy/uav-offboard-control/install/px4_msgs/share/px4_msgs/package.ps1'
[199.470s] INFO:colcon.colcon_core.shell:Creating package descriptor '/home/andrewsnowdy/uav-offboard-control/install/px4_msgs/share/px4_msgs/package.dsv'
[199.471s] INFO:colcon.colcon_core.shell:Creating package script '/home/andrewsnowdy/uav-offboard-control/install/px4_msgs/share/px4_msgs/package.sh'
[199.471s] INFO:colcon.colcon_core.shell:Creating package script '/home/andrewsnowdy/uav-offboard-control/install/px4_msgs/share/px4_msgs/package.bash'
[199.472s] INFO:colcon.colcon_core.shell:Creating package script '/home/andrewsnowdy/uav-offboard-control/install/px4_msgs/share/px4_msgs/package.zsh'
[199.473s] Level 1:colcon.colcon_core.environment:create_file_with_runtime_dependencies(/home/andrewsnowdy/uav-offboard-control/install/px4_msgs/share/colcon-core/packages/px4_msgs)
[199.473s] Level 1:colcon.colcon_core.environment:create_environment_scripts_only(px4_msgs)
[199.473s] Level 1:colcon.colcon_core.environment:checking '/home/andrewsnowdy/uav-offboard-control/install/px4_msgs' for CMake module files
[199.474s] Level 1:colcon.colcon_core.environment:checking '/home/andrewsnowdy/uav-offboard-control/install/px4_msgs' for CMake config files
[199.476s] Level 1:colcon.colcon_core.shell:create_environment_hook('px4_msgs', 'cmake_prefix_path')
[199.476s] INFO:colcon.colcon_core.shell:Creating environment hook '/home/andrewsnowdy/uav-offboard-control/install/px4_msgs/share/px4_msgs/hook/cmake_prefix_path.ps1'
[199.476s] INFO:colcon.colcon_core.shell:Creating environment descriptor '/home/andrewsnowdy/uav-offboard-control/install/px4_msgs/share/px4_msgs/hook/cmake_prefix_path.dsv'
[199.476s] INFO:colcon.colcon_core.shell:Creating environment hook '/home/andrewsnowdy/uav-offboard-control/install/px4_msgs/share/px4_msgs/hook/cmake_prefix_path.sh'
[199.477s] Level 1:colcon.colcon_core.environment:checking '/home/andrewsnowdy/uav-offboard-control/install/px4_msgs/lib'
[199.477s] Level 1:colcon.colcon_core.shell:create_environment_hook('px4_msgs', 'ld_library_path_lib')
[199.477s] INFO:colcon.colcon_core.shell:Creating environment hook '/home/andrewsnowdy/uav-offboard-control/install/px4_msgs/share/px4_msgs/hook/ld_library_path_lib.ps1'
[199.477s] INFO:colcon.colcon_core.shell:Creating environment descriptor '/home/andrewsnowdy/uav-offboard-control/install/px4_msgs/share/px4_msgs/hook/ld_library_path_lib.dsv'
[199.477s] INFO:colcon.colcon_core.shell:Creating environment hook '/home/andrewsnowdy/uav-offboard-control/install/px4_msgs/share/px4_msgs/hook/ld_library_path_lib.sh'
[199.477s] Level 1:colcon.colcon_core.environment:checking '/home/andrewsnowdy/uav-offboard-control/install/px4_msgs/bin'
[199.477s] Level 1:colcon.colcon_core.environment:checking '/home/andrewsnowdy/uav-offboard-control/install/px4_msgs/lib/pkgconfig/px4_msgs.pc'
[199.477s] Level 1:colcon.colcon_core.environment:checking '/home/andrewsnowdy/uav-offboard-control/install/px4_msgs/lib/python3.12/site-packages'
[199.478s] Level 1:colcon.colcon_core.shell:create_environment_hook('px4_msgs', 'pythonpath')
[199.478s] INFO:colcon.colcon_core.shell:Creating environment hook '/home/andrewsnowdy/uav-offboard-control/install/px4_msgs/share/px4_msgs/hook/pythonpath.ps1'
[199.478s] INFO:colcon.colcon_core.shell:Creating environment descriptor '/home/andrewsnowdy/uav-offboard-control/install/px4_msgs/share/px4_msgs/hook/pythonpath.dsv'
[199.478s] INFO:colcon.colcon_core.shell:Creating environment hook '/home/andrewsnowdy/uav-offboard-control/install/px4_msgs/share/px4_msgs/hook/pythonpath.sh'
[199.478s] Level 1:colcon.colcon_core.environment:checking '/home/andrewsnowdy/uav-offboard-control/install/px4_msgs/bin'
[199.478s] INFO:colcon.colcon_core.shell:Creating package script '/home/andrewsnowdy/uav-offboard-control/install/px4_msgs/share/px4_msgs/package.ps1'
[199.479s] INFO:colcon.colcon_core.shell:Creating package descriptor '/home/andrewsnowdy/uav-offboard-control/install/px4_msgs/share/px4_msgs/package.dsv'
[199.479s] INFO:colcon.colcon_core.shell:Creating package script '/home/andrewsnowdy/uav-offboard-control/install/px4_msgs/share/px4_msgs/package.sh'
[199.479s] INFO:colcon.colcon_core.shell:Creating package script '/home/andrewsnowdy/uav-offboard-control/install/px4_msgs/share/px4_msgs/package.bash'
[199.479s] INFO:colcon.colcon_core.shell:Creating package script '/home/andrewsnowdy/uav-offboard-control/install/px4_msgs/share/px4_msgs/package.zsh'
[199.479s] Level 1:colcon.colcon_core.environment:create_file_with_runtime_dependencies(/home/andrewsnowdy/uav-offboard-control/install/px4_msgs/share/colcon-core/packages/px4_msgs)
[199.480s] INFO:colcon.colcon_ros.task.ament_cmake.build:Building ROS package in '/home/andrewsnowdy/uav-offboard-control/src/src/external/px4_ros_com' with build type 'ament_cmake'
[199.480s] INFO:colcon.colcon_cmake.task.cmake.build:Building CMake package in '/home/andrewsnowdy/uav-offboard-control/src/src/external/px4_ros_com'
[199.480s] INFO:colcon.colcon_core.shell:Skip shell extension 'powershell' for command environment: Not usable outside of PowerShell
[199.480s] DEBUG:colcon.colcon_core.shell:Skip shell extension 'dsv' for command environment
[199.494s] DEBUG:colcon.colcon_core.event_handler.log_command:Invoking command in '/home/andrewsnowdy/uav-offboard-control/build/px4_ros_com': AMENT_PREFIX_PATH=/home/andrewsnowdy/uav-offboard-control/install/px4_msgs:${AMENT_PREFIX_PATH} CMAKE_PREFIX_PATH=/home/andrewsnowdy/uav-offboard-control/install/px4_msgs:/opt/ros/jazzy/opt/gz_sim_vendor:/opt/ros/jazzy/opt/gz_sensors_vendor:/opt/ros/jazzy/opt/gz_physics_vendor:/opt/ros/jazzy/opt/sdformat_vendor:/opt/ros/jazzy/opt/gz_gui_vendor:/opt/ros/jazzy/opt/gz_transport_vendor:/opt/ros/jazzy/opt/gz_rendering_vendor:/opt/ros/jazzy/opt/gz_plugin_vendor:/opt/ros/jazzy/opt/gz_fuel_tools_vendor:/opt/ros/jazzy/opt/gz_msgs_vendor:/opt/ros/jazzy/opt/gz_common_vendor:/opt/ros/jazzy/opt/gz_math_vendor:/opt/ros/jazzy/opt/gz_utils_vendor:/opt/ros/jazzy/opt/gz_tools_vendor:/opt/ros/jazzy/opt/gz_ogre_next_vendor:/opt/ros/jazzy/opt/gz_dartsim_vendor:/opt/ros/jazzy/opt/gz_cmake_vendor:/opt/cyclonedds/install:/opt/ros/jazzy DEBUGINFOD_URLS=https://debuginfod.ubuntu.com LD_LIBRARY_PATH=/home/andrewsnowdy/uav-offboard-control/install/px4_msgs/lib:/opt/ros/jazzy/opt/gz_sim_vendor/lib:/opt/ros/jazzy/opt/gz_sensors_vendor/lib:/opt/ros/jazzy/opt/gz_physics_vendor/lib:/opt/ros/jazzy/opt/sdformat_vendor/lib:/opt/ros/jazzy/opt/rviz_ogre_vendor/lib:/opt/ros/jazzy/lib/x86_64-linux-gnu:/opt/ros/jazzy/opt/gz_gui_vendor/lib:/opt/ros/jazzy/opt/gz_transport_vendor/lib:/opt/ros/jazzy/opt/gz_rendering_vendor/lib:/opt/ros/jazzy/opt/gz_plugin_vendor/lib:/opt/ros/jazzy/opt/gz_fuel_tools_vendor/lib:/opt/ros/jazzy/opt/gz_msgs_vendor/lib:/opt/ros/jazzy/opt/gz_common_vendor/lib:/opt/ros/jazzy/opt/gz_math_vendor/lib:/opt/ros/jazzy/opt/gz_utils_vendor/lib:/opt/ros/jazzy/opt/gz_tools_vendor/lib:/opt/ros/jazzy/opt/gz_ogre_next_vendor/lib:/opt/ros/jazzy/opt/gz_dartsim_vendor/lib:/opt/ros/jazzy/opt/gz_cmake_vendor/lib:/opt/ros/jazzy/lib:/opt/cyclonedds/install/lib PYTHONPATH=/home/andrewsnowdy/uav-offboard-control/install/px4_msgs/lib/python3.12/site-packages:${PYTHONPATH} /usr/bin/cmake /home/andrewsnowdy/uav-offboard-control/src/src/external/px4_ros_com -DAMENT_CMAKE_SYMLINK_INSTALL=1 -DCMAKE_INSTALL_PREFIX=/home/andrewsnowdy/uav-offboard-control/install/px4_ros_com
[200.530s] DEBUG:colcon.colcon_core.event_handler.log_command:Invoked command in '/home/andrewsnowdy/uav-offboard-control/build/px4_ros_com' returned '0': AMENT_PREFIX_PATH=/home/andrewsnowdy/uav-offboard-control/install/px4_msgs:${AMENT_PREFIX_PATH} CMAKE_PREFIX_PATH=/home/andrewsnowdy/uav-offboard-control/install/px4_msgs:/opt/ros/jazzy/opt/gz_sim_vendor:/opt/ros/jazzy/opt/gz_sensors_vendor:/opt/ros/jazzy/opt/gz_physics_vendor:/opt/ros/jazzy/opt/sdformat_vendor:/opt/ros/jazzy/opt/gz_gui_vendor:/opt/ros/jazzy/opt/gz_transport_vendor:/opt/ros/jazzy/opt/gz_rendering_vendor:/opt/ros/jazzy/opt/gz_plugin_vendor:/opt/ros/jazzy/opt/gz_fuel_tools_vendor:/opt/ros/jazzy/opt/gz_msgs_vendor:/opt/ros/jazzy/opt/gz_common_vendor:/opt/ros/jazzy/opt/gz_math_vendor:/opt/ros/jazzy/opt/gz_utils_vendor:/opt/ros/jazzy/opt/gz_tools_vendor:/opt/ros/jazzy/opt/gz_ogre_next_vendor:/opt/ros/jazzy/opt/gz_dartsim_vendor:/opt/ros/jazzy/opt/gz_cmake_vendor:/opt/cyclonedds/install:/opt/ros/jazzy DEBUGINFOD_URLS=https://debuginfod.ubuntu.com LD_LIBRARY_PATH=/home/andrewsnowdy/uav-offboard-control/install/px4_msgs/lib:/opt/ros/jazzy/opt/gz_sim_vendor/lib:/opt/ros/jazzy/opt/gz_sensors_vendor/lib:/opt/ros/jazzy/opt/gz_physics_vendor/lib:/opt/ros/jazzy/opt/sdformat_vendor/lib:/opt/ros/jazzy/opt/rviz_ogre_vendor/lib:/opt/ros/jazzy/lib/x86_64-linux-gnu:/opt/ros/jazzy/opt/gz_gui_vendor/lib:/opt/ros/jazzy/opt/gz_transport_vendor/lib:/opt/ros/jazzy/opt/gz_rendering_vendor/lib:/opt/ros/jazzy/opt/gz_plugin_vendor/lib:/opt/ros/jazzy/opt/gz_fuel_tools_vendor/lib:/opt/ros/jazzy/opt/gz_msgs_vendor/lib:/opt/ros/jazzy/opt/gz_common_vendor/lib:/opt/ros/jazzy/opt/gz_math_vendor/lib:/opt/ros/jazzy/opt/gz_utils_vendor/lib:/opt/ros/jazzy/opt/gz_tools_vendor/lib:/opt/ros/jazzy/opt/gz_ogre_next_vendor/lib:/opt/ros/jazzy/opt/gz_dartsim_vendor/lib:/opt/ros/jazzy/opt/gz_cmake_vendor/lib:/opt/ros/jazzy/lib:/opt/cyclonedds/install/lib PYTHONPATH=/home/andrewsnowdy/uav-offboard-control/install/px4_msgs/lib/python3.12/site-packages:${PYTHONPATH} /usr/bin/cmake /home/andrewsnowdy/uav-offboard-control/src/src/external/px4_ros_com -DAMENT_CMAKE_SYMLINK_INSTALL=1 -DCMAKE_INSTALL_PREFIX=/home/andrewsnowdy/uav-offboard-control/install/px4_ros_com
[200.531s] DEBUG:colcon.colcon_core.event_handler.log_command:Invoking command in '/home/andrewsnowdy/uav-offboard-control/build/px4_ros_com': AMENT_PREFIX_PATH=/home/andrewsnowdy/uav-offboard-control/install/px4_msgs:${AMENT_PREFIX_PATH} CMAKE_PREFIX_PATH=/home/andrewsnowdy/uav-offboard-control/install/px4_msgs:/opt/ros/jazzy/opt/gz_sim_vendor:/opt/ros/jazzy/opt/gz_sensors_vendor:/opt/ros/jazzy/opt/gz_physics_vendor:/opt/ros/jazzy/opt/sdformat_vendor:/opt/ros/jazzy/opt/gz_gui_vendor:/opt/ros/jazzy/opt/gz_transport_vendor:/opt/ros/jazzy/opt/gz_rendering_vendor:/opt/ros/jazzy/opt/gz_plugin_vendor:/opt/ros/jazzy/opt/gz_fuel_tools_vendor:/opt/ros/jazzy/opt/gz_msgs_vendor:/opt/ros/jazzy/opt/gz_common_vendor:/opt/ros/jazzy/opt/gz_math_vendor:/opt/ros/jazzy/opt/gz_utils_vendor:/opt/ros/jazzy/opt/gz_tools_vendor:/opt/ros/jazzy/opt/gz_ogre_next_vendor:/opt/ros/jazzy/opt/gz_dartsim_vendor:/opt/ros/jazzy/opt/gz_cmake_vendor:/opt/cyclonedds/install:/opt/ros/jazzy DEBUGINFOD_URLS=https://debuginfod.ubuntu.com LD_LIBRARY_PATH=/home/andrewsnowdy/uav-offboard-control/install/px4_msgs/lib:/opt/ros/jazzy/opt/gz_sim_vendor/lib:/opt/ros/jazzy/opt/gz_sensors_vendor/lib:/opt/ros/jazzy/opt/gz_physics_vendor/lib:/opt/ros/jazzy/opt/sdformat_vendor/lib:/opt/ros/jazzy/opt/rviz_ogre_vendor/lib:/opt/ros/jazzy/lib/x86_64-linux-gnu:/opt/ros/jazzy/opt/gz_gui_vendor/lib:/opt/ros/jazzy/opt/gz_transport_vendor/lib:/opt/ros/jazzy/opt/gz_rendering_vendor/lib:/opt/ros/jazzy/opt/gz_plugin_vendor/lib:/opt/ros/jazzy/opt/gz_fuel_tools_vendor/lib:/opt/ros/jazzy/opt/gz_msgs_vendor/lib:/opt/ros/jazzy/opt/gz_common_vendor/lib:/opt/ros/jazzy/opt/gz_math_vendor/lib:/opt/ros/jazzy/opt/gz_utils_vendor/lib:/opt/ros/jazzy/opt/gz_tools_vendor/lib:/opt/ros/jazzy/opt/gz_ogre_next_vendor/lib:/opt/ros/jazzy/opt/gz_dartsim_vendor/lib:/opt/ros/jazzy/opt/gz_cmake_vendor/lib:/opt/ros/jazzy/lib:/opt/cyclonedds/install/lib PYTHONPATH=/home/andrewsnowdy/uav-offboard-control/install/px4_msgs/lib/python3.12/site-packages:${PYTHONPATH} /usr/bin/cmake --build /home/andrewsnowdy/uav-offboard-control/build/px4_ros_com -- -j22 -l22
[206.755s] DEBUG:colcon.colcon_core.event_handler.log_command:Invoked command in '/home/andrewsnowdy/uav-offboard-control/build/px4_ros_com' returned '0': AMENT_PREFIX_PATH=/home/andrewsnowdy/uav-offboard-control/install/px4_msgs:${AMENT_PREFIX_PATH} CMAKE_PREFIX_PATH=/home/andrewsnowdy/uav-offboard-control/install/px4_msgs:/opt/ros/jazzy/opt/gz_sim_vendor:/opt/ros/jazzy/opt/gz_sensors_vendor:/opt/ros/jazzy/opt/gz_physics_vendor:/opt/ros/jazzy/opt/sdformat_vendor:/opt/ros/jazzy/opt/gz_gui_vendor:/opt/ros/jazzy/opt/gz_transport_vendor:/opt/ros/jazzy/opt/gz_rendering_vendor:/opt/ros/jazzy/opt/gz_plugin_vendor:/opt/ros/jazzy/opt/gz_fuel_tools_vendor:/opt/ros/jazzy/opt/gz_msgs_vendor:/opt/ros/jazzy/opt/gz_common_vendor:/opt/ros/jazzy/opt/gz_math_vendor:/opt/ros/jazzy/opt/gz_utils_vendor:/opt/ros/jazzy/opt/gz_tools_vendor:/opt/ros/jazzy/opt/gz_ogre_next_vendor:/opt/ros/jazzy/opt/gz_dartsim_vendor:/opt/ros/jazzy/opt/gz_cmake_vendor:/opt/cyclonedds/install:/opt/ros/jazzy DEBUGINFOD_URLS=https://debuginfod.ubuntu.com LD_LIBRARY_PATH=/home/andrewsnowdy/uav-offboard-control/install/px4_msgs/lib:/opt/ros/jazzy/opt/gz_sim_vendor/lib:/opt/ros/jazzy/opt/gz_sensors_vendor/lib:/opt/ros/jazzy/opt/gz_physics_vendor/lib:/opt/ros/jazzy/opt/sdformat_vendor/lib:/opt/ros/jazzy/opt/rviz_ogre_vendor/lib:/opt/ros/jazzy/lib/x86_64-linux-gnu:/opt/ros/jazzy/opt/gz_gui_vendor/lib:/opt/ros/jazzy/opt/gz_transport_vendor/lib:/opt/ros/jazzy/opt/gz_rendering_vendor/lib:/opt/ros/jazzy/opt/gz_plugin_vendor/lib:/opt/ros/jazzy/opt/gz_fuel_tools_vendor/lib:/opt/ros/jazzy/opt/gz_msgs_vendor/lib:/opt/ros/jazzy/opt/gz_common_vendor/lib:/opt/ros/jazzy/opt/gz_math_vendor/lib:/opt/ros/jazzy/opt/gz_utils_vendor/lib:/opt/ros/jazzy/opt/gz_tools_vendor/lib:/opt/ros/jazzy/opt/gz_ogre_next_vendor/lib:/opt/ros/jazzy/opt/gz_dartsim_vendor/lib:/opt/ros/jazzy/opt/gz_cmake_vendor/lib:/opt/ros/jazzy/lib:/opt/cyclonedds/install/lib PYTHONPATH=/home/andrewsnowdy/uav-offboard-control/install/px4_msgs/lib/python3.12/site-packages:${PYTHONPATH} /usr/bin/cmake --build /home/andrewsnowdy/uav-offboard-control/build/px4_ros_com -- -j22 -l22
[206.756s] DEBUG:colcon.colcon_core.event_handler.log_command:Invoking command in '/home/andrewsnowdy/uav-offboard-control/build/px4_ros_com': AMENT_PREFIX_PATH=/home/andrewsnowdy/uav-offboard-control/install/px4_msgs:${AMENT_PREFIX_PATH} CMAKE_PREFIX_PATH=/home/andrewsnowdy/uav-offboard-control/install/px4_msgs:/opt/ros/jazzy/opt/gz_sim_vendor:/opt/ros/jazzy/opt/gz_sensors_vendor:/opt/ros/jazzy/opt/gz_physics_vendor:/opt/ros/jazzy/opt/sdformat_vendor:/opt/ros/jazzy/opt/gz_gui_vendor:/opt/ros/jazzy/opt/gz_transport_vendor:/opt/ros/jazzy/opt/gz_rendering_vendor:/opt/ros/jazzy/opt/gz_plugin_vendor:/opt/ros/jazzy/opt/gz_fuel_tools_vendor:/opt/ros/jazzy/opt/gz_msgs_vendor:/opt/ros/jazzy/opt/gz_common_vendor:/opt/ros/jazzy/opt/gz_math_vendor:/opt/ros/jazzy/opt/gz_utils_vendor:/opt/ros/jazzy/opt/gz_tools_vendor:/opt/ros/jazzy/opt/gz_ogre_next_vendor:/opt/ros/jazzy/opt/gz_dartsim_vendor:/opt/ros/jazzy/opt/gz_cmake_vendor:/opt/cyclonedds/install:/opt/ros/jazzy DEBUGINFOD_URLS=https://debuginfod.ubuntu.com LD_LIBRARY_PATH=/home/andrewsnowdy/uav-offboard-control/install/px4_msgs/lib:/opt/ros/jazzy/opt/gz_sim_vendor/lib:/opt/ros/jazzy/opt/gz_sensors_vendor/lib:/opt/ros/jazzy/opt/gz_physics_vendor/lib:/opt/ros/jazzy/opt/sdformat_vendor/lib:/opt/ros/jazzy/opt/rviz_ogre_vendor/lib:/opt/ros/jazzy/lib/x86_64-linux-gnu:/opt/ros/jazzy/opt/gz_gui_vendor/lib:/opt/ros/jazzy/opt/gz_transport_vendor/lib:/opt/ros/jazzy/opt/gz_rendering_vendor/lib:/opt/ros/jazzy/opt/gz_plugin_vendor/lib:/opt/ros/jazzy/opt/gz_fuel_tools_vendor/lib:/opt/ros/jazzy/opt/gz_msgs_vendor/lib:/opt/ros/jazzy/opt/gz_common_vendor/lib:/opt/ros/jazzy/opt/gz_math_vendor/lib:/opt/ros/jazzy/opt/gz_utils_vendor/lib:/opt/ros/jazzy/opt/gz_tools_vendor/lib:/opt/ros/jazzy/opt/gz_ogre_next_vendor/lib:/opt/ros/jazzy/opt/gz_dartsim_vendor/lib:/opt/ros/jazzy/opt/gz_cmake_vendor/lib:/opt/ros/jazzy/lib:/opt/cyclonedds/install/lib PYTHONPATH=/home/andrewsnowdy/uav-offboard-control/install/px4_msgs/lib/python3.12/site-packages:${PYTHONPATH} /usr/bin/cmake --install /home/andrewsnowdy/uav-offboard-control/build/px4_ros_com
[207.071s] Level 1:colcon.colcon_core.environment:create_environment_scripts_only(px4_ros_com)
[207.071s] Level 1:colcon.colcon_core.environment:checking '/home/andrewsnowdy/uav-offboard-control/install/px4_ros_com' for CMake module files
[207.072s] DEBUG:colcon.colcon_core.event_handler.log_command:Invoked command in '/home/andrewsnowdy/uav-offboard-control/build/px4_ros_com' returned '0': AMENT_PREFIX_PATH=/home/andrewsnowdy/uav-offboard-control/install/px4_msgs:${AMENT_PREFIX_PATH} CMAKE_PREFIX_PATH=/home/andrewsnowdy/uav-offboard-control/install/px4_msgs:/opt/ros/jazzy/opt/gz_sim_vendor:/opt/ros/jazzy/opt/gz_sensors_vendor:/opt/ros/jazzy/opt/gz_physics_vendor:/opt/ros/jazzy/opt/sdformat_vendor:/opt/ros/jazzy/opt/gz_gui_vendor:/opt/ros/jazzy/opt/gz_transport_vendor:/opt/ros/jazzy/opt/gz_rendering_vendor:/opt/ros/jazzy/opt/gz_plugin_vendor:/opt/ros/jazzy/opt/gz_fuel_tools_vendor:/opt/ros/jazzy/opt/gz_msgs_vendor:/opt/ros/jazzy/opt/gz_common_vendor:/opt/ros/jazzy/opt/gz_math_vendor:/opt/ros/jazzy/opt/gz_utils_vendor:/opt/ros/jazzy/opt/gz_tools_vendor:/opt/ros/jazzy/opt/gz_ogre_next_vendor:/opt/ros/jazzy/opt/gz_dartsim_vendor:/opt/ros/jazzy/opt/gz_cmake_vendor:/opt/cyclonedds/install:/opt/ros/jazzy DEBUGINFOD_URLS=https://debuginfod.ubuntu.com LD_LIBRARY_PATH=/home/andrewsnowdy/uav-offboard-control/install/px4_msgs/lib:/opt/ros/jazzy/opt/gz_sim_vendor/lib:/opt/ros/jazzy/opt/gz_sensors_vendor/lib:/opt/ros/jazzy/opt/gz_physics_vendor/lib:/opt/ros/jazzy/opt/sdformat_vendor/lib:/opt/ros/jazzy/opt/rviz_ogre_vendor/lib:/opt/ros/jazzy/lib/x86_64-linux-gnu:/opt/ros/jazzy/opt/gz_gui_vendor/lib:/opt/ros/jazzy/opt/gz_transport_vendor/lib:/opt/ros/jazzy/opt/gz_rendering_vendor/lib:/opt/ros/jazzy/opt/gz_plugin_vendor/lib:/opt/ros/jazzy/opt/gz_fuel_tools_vendor/lib:/opt/ros/jazzy/opt/gz_msgs_vendor/lib:/opt/ros/jazzy/opt/gz_common_vendor/lib:/opt/ros/jazzy/opt/gz_math_vendor/lib:/opt/ros/jazzy/opt/gz_utils_vendor/lib:/opt/ros/jazzy/opt/gz_tools_vendor/lib:/opt/ros/jazzy/opt/gz_ogre_next_vendor/lib:/opt/ros/jazzy/opt/gz_dartsim_vendor/lib:/opt/ros/jazzy/opt/gz_cmake_vendor/lib:/opt/ros/jazzy/lib:/opt/cyclonedds/install/lib PYTHONPATH=/home/andrewsnowdy/uav-offboard-control/install/px4_msgs/lib/python3.12/site-packages:${PYTHONPATH} /usr/bin/cmake --install /home/andrewsnowdy/uav-offboard-control/build/px4_ros_com
[207.072s] Level 1:colcon.colcon_core.environment:checking '/home/andrewsnowdy/uav-offboard-control/install/px4_ros_com' for CMake config files
[207.073s] Level 1:colcon.colcon_core.shell:create_environment_hook('px4_ros_com', 'cmake_prefix_path')
[207.073s] INFO:colcon.colcon_core.shell:Creating environment hook '/home/andrewsnowdy/uav-offboard-control/install/px4_ros_com/share/px4_ros_com/hook/cmake_prefix_path.ps1'
[207.074s] INFO:colcon.colcon_core.shell:Creating environment descriptor '/home/andrewsnowdy/uav-offboard-control/install/px4_ros_com/share/px4_ros_com/hook/cmake_prefix_path.dsv'
[207.074s] INFO:colcon.colcon_core.shell:Creating environment hook '/home/andrewsnowdy/uav-offboard-control/install/px4_ros_com/share/px4_ros_com/hook/cmake_prefix_path.sh'
[207.075s] Level 1:colcon.colcon_core.environment:checking '/home/andrewsnowdy/uav-offboard-control/install/px4_ros_com/lib'
[207.075s] Level 1:colcon.colcon_core.shell:create_environment_hook('px4_ros_com', 'ld_library_path_lib')
[207.075s] INFO:colcon.colcon_core.shell:Creating environment hook '/home/andrewsnowdy/uav-offboard-control/install/px4_ros_com/share/px4_ros_com/hook/ld_library_path_lib.ps1'
[207.075s] INFO:colcon.colcon_core.shell:Creating environment descriptor '/home/andrewsnowdy/uav-offboard-control/install/px4_ros_com/share/px4_ros_com/hook/ld_library_path_lib.dsv'
[207.075s] INFO:colcon.colcon_core.shell:Creating environment hook '/home/andrewsnowdy/uav-offboard-control/install/px4_ros_com/share/px4_ros_com/hook/ld_library_path_lib.sh'
[207.076s] Level 1:colcon.colcon_core.environment:checking '/home/andrewsnowdy/uav-offboard-control/install/px4_ros_com/bin'
[207.076s] Level 1:colcon.colcon_core.environment:checking '/home/andrewsnowdy/uav-offboard-control/install/px4_ros_com/lib/pkgconfig/px4_ros_com.pc'
[207.076s] Level 1:colcon.colcon_core.environment:checking '/home/andrewsnowdy/uav-offboard-control/install/px4_ros_com/lib/python3.12/site-packages'
[207.076s] Level 1:colcon.colcon_core.shell:create_environment_hook('px4_ros_com', 'pythonpath')
[207.076s] INFO:colcon.colcon_core.shell:Creating environment hook '/home/andrewsnowdy/uav-offboard-control/install/px4_ros_com/share/px4_ros_com/hook/pythonpath.ps1'
[207.077s] INFO:colcon.colcon_core.shell:Creating environment descriptor '/home/andrewsnowdy/uav-offboard-control/install/px4_ros_com/share/px4_ros_com/hook/pythonpath.dsv'
[207.077s] INFO:colcon.colcon_core.shell:Creating environment hook '/home/andrewsnowdy/uav-offboard-control/install/px4_ros_com/share/px4_ros_com/hook/pythonpath.sh'
[207.078s] Level 1:colcon.colcon_core.environment:checking '/home/andrewsnowdy/uav-offboard-control/install/px4_ros_com/bin'
[207.078s] INFO:colcon.colcon_core.shell:Creating package script '/home/andrewsnowdy/uav-offboard-control/install/px4_ros_com/share/px4_ros_com/package.ps1'
[207.078s] INFO:colcon.colcon_core.shell:Creating package descriptor '/home/andrewsnowdy/uav-offboard-control/install/px4_ros_com/share/px4_ros_com/package.dsv'
[207.078s] INFO:colcon.colcon_core.shell:Creating package script '/home/andrewsnowdy/uav-offboard-control/install/px4_ros_com/share/px4_ros_com/package.sh'
[207.079s] INFO:colcon.colcon_core.shell:Creating package script '/home/andrewsnowdy/uav-offboard-control/install/px4_ros_com/share/px4_ros_com/package.bash'
[207.079s] INFO:colcon.colcon_core.shell:Creating package script '/home/andrewsnowdy/uav-offboard-control/install/px4_ros_com/share/px4_ros_com/package.zsh'
[207.079s] Level 1:colcon.colcon_core.environment:create_file_with_runtime_dependencies(/home/andrewsnowdy/uav-offboard-control/install/px4_ros_com/share/colcon-core/packages/px4_ros_com)
[207.079s] Level 1:colcon.colcon_core.environment:create_environment_scripts_only(px4_ros_com)
[207.079s] Level 1:colcon.colcon_core.environment:checking '/home/andrewsnowdy/uav-offboard-control/install/px4_ros_com' for CMake module files
[207.080s] Level 1:colcon.colcon_core.environment:checking '/home/andrewsnowdy/uav-offboard-control/install/px4_ros_com' for CMake config files
[207.080s] Level 1:colcon.colcon_core.shell:create_environment_hook('px4_ros_com', 'cmake_prefix_path')
[207.080s] INFO:colcon.colcon_core.shell:Creating environment hook '/home/andrewsnowdy/uav-offboard-control/install/px4_ros_com/share/px4_ros_com/hook/cmake_prefix_path.ps1'
[207.080s] INFO:colcon.colcon_core.shell:Creating environment descriptor '/home/andrewsnowdy/uav-offboard-control/install/px4_ros_com/share/px4_ros_com/hook/cmake_prefix_path.dsv'
[207.080s] INFO:colcon.colcon_core.shell:Creating environment hook '/home/andrewsnowdy/uav-offboard-control/install/px4_ros_com/share/px4_ros_com/hook/cmake_prefix_path.sh'
[207.081s] Level 1:colcon.colcon_core.environment:checking '/home/andrewsnowdy/uav-offboard-control/install/px4_ros_com/lib'
[207.081s] Level 1:colcon.colcon_core.shell:create_environment_hook('px4_ros_com', 'ld_library_path_lib')
[207.081s] INFO:colcon.colcon_core.shell:Creating environment hook '/home/andrewsnowdy/uav-offboard-control/install/px4_ros_com/share/px4_ros_com/hook/ld_library_path_lib.ps1'
[207.081s] INFO:colcon.colcon_core.shell:Creating environment descriptor '/home/andrewsnowdy/uav-offboard-control/install/px4_ros_com/share/px4_ros_com/hook/ld_library_path_lib.dsv'
[207.081s] INFO:colcon.colcon_core.shell:Creating environment hook '/home/andrewsnowdy/uav-offboard-control/install/px4_ros_com/share/px4_ros_com/hook/ld_library_path_lib.sh'
[207.081s] Level 1:colcon.colcon_core.environment:checking '/home/andrewsnowdy/uav-offboard-control/install/px4_ros_com/bin'
[207.081s] Level 1:colcon.colcon_core.environment:checking '/home/andrewsnowdy/uav-offboard-control/install/px4_ros_com/lib/pkgconfig/px4_ros_com.pc'
[207.081s] Level 1:colcon.colcon_core.environment:checking '/home/andrewsnowdy/uav-offboard-control/install/px4_ros_com/lib/python3.12/site-packages'
[207.082s] Level 1:colcon.colcon_core.shell:create_environment_hook('px4_ros_com', 'pythonpath')
[207.082s] INFO:colcon.colcon_core.shell:Creating environment hook '/home/andrewsnowdy/uav-offboard-control/install/px4_ros_com/share/px4_ros_com/hook/pythonpath.ps1'
[207.082s] INFO:colcon.colcon_core.shell:Creating environment descriptor '/home/andrewsnowdy/uav-offboard-control/install/px4_ros_com/share/px4_ros_com/hook/pythonpath.dsv'
[207.082s] INFO:colcon.colcon_core.shell:Creating environment hook '/home/andrewsnowdy/uav-offboard-control/install/px4_ros_com/share/px4_ros_com/hook/pythonpath.sh'
[207.082s] Level 1:colcon.colcon_core.environment:checking '/home/andrewsnowdy/uav-offboard-control/install/px4_ros_com/bin'
[207.082s] INFO:colcon.colcon_core.shell:Creating package script '/home/andrewsnowdy/uav-offboard-control/install/px4_ros_com/share/px4_ros_com/package.ps1'
[207.083s] INFO:colcon.colcon_core.shell:Creating package descriptor '/home/andrewsnowdy/uav-offboard-control/install/px4_ros_com/share/px4_ros_com/package.dsv'
[207.083s] INFO:colcon.colcon_core.shell:Creating package script '/home/andrewsnowdy/uav-offboard-control/install/px4_ros_com/share/px4_ros_com/package.sh'
[207.083s] INFO:colcon.colcon_core.shell:Creating package script '/home/andrewsnowdy/uav-offboard-control/install/px4_ros_com/share/px4_ros_com/package.bash'
[207.084s] INFO:colcon.colcon_core.shell:Creating package script '/home/andrewsnowdy/uav-offboard-control/install/px4_ros_com/share/px4_ros_com/package.zsh'
[207.084s] Level 1:colcon.colcon_core.environment:create_file_with_runtime_dependencies(/home/andrewsnowdy/uav-offboard-control/install/px4_ros_com/share/colcon-core/packages/px4_ros_com)
[207.084s] DEBUG:colcon.colcon_parallel_executor.executor.parallel:closing loop
[207.084s] DEBUG:colcon.colcon_parallel_executor.executor.parallel:loop closed
[207.084s] DEBUG:colcon.colcon_parallel_executor.executor.parallel:run_until_complete finished with '0'
[207.085s] DEBUG:colcon.colcon_core.event_reactor:joining thread
[207.110s] INFO:colcon.colcon_core.plugin_system:Skipping extension 'colcon_notification.desktop_notification.terminal_notifier': Not used on non-Darwin systems
[207.110s] INFO:colcon.colcon_core.plugin_system:Skipping extension 'colcon_notification.desktop_notification.win32': Not used on non-Windows systems
[207.110s] INFO:colcon.colcon_notification.desktop_notification:Sending desktop notification using 'notify2'
[207.125s] DEBUG:colcon.colcon_core.event_reactor:joined thread
[207.125s] INFO:colcon.colcon_core.shell:Creating prefix script '/home/andrewsnowdy/uav-offboard-control/install/local_setup.ps1'
[207.126s] INFO:colcon.colcon_core.shell:Creating prefix util module '/home/andrewsnowdy/uav-offboard-control/install/_local_setup_util_ps1.py'
[207.127s] INFO:colcon.colcon_core.shell:Creating prefix chain script '/home/andrewsnowdy/uav-offboard-control/install/setup.ps1'
[207.129s] INFO:colcon.colcon_core.shell:Creating prefix script '/home/andrewsnowdy/uav-offboard-control/install/local_setup.sh'
[207.129s] INFO:colcon.colcon_core.shell:Creating prefix util module '/home/andrewsnowdy/uav-offboard-control/install/_local_setup_util_sh.py'
[207.130s] INFO:colcon.colcon_core.shell:Creating prefix chain script '/home/andrewsnowdy/uav-offboard-control/install/setup.sh'
[207.131s] INFO:colcon.colcon_core.shell:Creating prefix script '/home/andrewsnowdy/uav-offboard-control/install/local_setup.bash'
[207.131s] INFO:colcon.colcon_core.shell:Creating prefix chain script '/home/andrewsnowdy/uav-offboard-control/install/setup.bash'
[207.132s] INFO:colcon.colcon_core.shell:Creating prefix script '/home/andrewsnowdy/uav-offboard-control/install/local_setup.zsh'
[207.133s] INFO:colcon.colcon_core.shell:Creating prefix chain script '/home/andrewsnowdy/uav-offboard-control/install/setup.zsh'
